residual seed=17 epoch=1 val=[0.883 0.825] elapsed=3s
residual seed=17 epoch=2 val=[0.893 0.857] elapsed=6s
residual seed=17 epoch=3 val=[0.897 0.865] elapsed=9s
residual seed=17 epoch=4 val=[0.896 0.876] elapsed=12s
residual seed=17 epoch=5 val=[0.909 0.88 ] elapsed=15s
residual seed=17 epoch=6 val=[0.899 0.877] elapsed=18s
residual seed=17 epoch=7 val=[0.906 0.875] elapsed=21s
residual seed=17 epoch=8 val=[0.866 0.893] elapsed=23s
residual seed=17 epoch=9 val=[0.907 0.901] elapsed=26s
residual seed=17 epoch=10 val=[0.894 0.891] elapsed=29s
residual seed=17 epoch=11 val=[0.916 0.892] elapsed=32s
residual seed=17 epoch=12 val=[0.901 0.889] elapsed=35s
residual seed=17 epoch=13 val=[0.902 0.898] elapsed=37s
residual seed=17 epoch=14 val=[0.901 0.898] elapsed=40s
residual seed=17 epoch=15 val=[0.896 0.903] elapsed=43s
residual seed=17 epoch=16 val=[0.906 0.893] elapsed=46s
residual seed=17 epoch=17 val=[0.905 0.894] elapsed=48s
residual seed=17 epoch=18 val=[0.907 0.898] elapsed=51s
residual seed=17 epoch=19 val=[0.912 0.896] elapsed=54s
residual seed=17 epoch=20 val=[0.904 0.906] elapsed=57s
residual seed=29 epoch=1 val=[0.854 0.837] elapsed=3s
residual seed=29 epoch=2 val=[0.878 0.844] elapsed=6s
residual seed=29 epoch=3 val=[0.888 0.862] elapsed=8s
residual seed=29 epoch=4 val=[0.897 0.873] elapsed=11s
residual seed=29 epoch=5 val=[0.896 0.901] elapsed=14s
residual seed=29 epoch=6 val=[0.898 0.887] elapsed=17s
residual seed=29 epoch=7 val=[0.898 0.901] elapsed=20s
residual seed=29 epoch=8 val=[0.883 0.896] elapsed=23s
residual seed=29 epoch=9 val=[0.89  0.908] elapsed=26s
residual seed=29 epoch=10 val=[0.905 0.904] elapsed=30s
residual seed=29 epoch=11 val=[0.894 0.9  ] elapsed=32s
residual seed=29 epoch=12 val=[0.907 0.904] elapsed=35s
residual seed=29 epoch=13 val=[0.905 0.916] elapsed=38s
residual seed=29 epoch=14 val=[0.904 0.912] elapsed=41s
residual seed=29 epoch=15 val=[0.903 0.898] elapsed=44s
residual seed=29 epoch=16 val=[0.9 0.9] elapsed=47s
residual seed=29 epoch=17 val=[0.908 0.899] elapsed=50s
residual seed=29 epoch=18 val=[0.903 0.905] elapsed=53s
residual seed=29 epoch=19 val=[0.904 0.9  ] elapsed=55s
residual seed=29 epoch=20 val=[0.908 0.905] elapsed=58s
residual seed=43 epoch=1 val=[0.869 0.831] elapsed=3s
residual seed=43 epoch=2 val=[0.864 0.855] elapsed=6s
residual seed=43 epoch=3 val=[0.878 0.867] elapsed=9s
residual seed=43 epoch=4 val=[0.865 0.883] elapsed=12s
residual seed=43 epoch=5 val=[0.884 0.872] elapsed=15s
residual seed=43 epoch=6 val=[0.894 0.885] elapsed=18s
residual seed=43 epoch=7 val=[0.893 0.887] elapsed=21s
residual seed=43 epoch=8 val=[0.887 0.884] elapsed=24s
residual seed=43 epoch=9 val=[0.907 0.892] elapsed=27s
residual seed=43 epoch=10 val=[0.906 0.894] elapsed=29s
residual seed=43 epoch=11 val=[0.888 0.891] elapsed=32s
residual seed=43 epoch=12 val=[0.877 0.899] elapsed=35s
residual seed=43 epoch=13 val=[0.889 0.898] elapsed=38s
residual seed=43 epoch=14 val=[0.89  0.897] elapsed=41s
residual seed=43 epoch=15 val=[0.908 0.909] elapsed=44s
residual seed=43 epoch=16 val=[0.89  0.893] elapsed=47s
residual seed=43 epoch=17 val=[0.888 0.894] elapsed=50s
residual seed=43 epoch=18 val=[0.907 0.894] elapsed=54s
residual seed=43 epoch=19 val=[0.911 0.899] elapsed=57s
residual seed=43 epoch=20 val=[0.9   0.895] elapsed=60s
